<?xml version="1.0" encoding="utf-8"?><testsuites><testsuite name="pytest" errors="0" failures="0" skipped="0" tests="4" time="4.919" timestamp="2025-03-05T00:27:29.555771-03:00" hostname="LEGION-5-MANU"><testcase classname="tests.api.test_api.TestBatchPipeline" name="test_should_failed_unkown_column_1" time="0.036" /><testcase classname="tests.api.test_api.TestBatchPipeline" name="test_should_failed_unkown_column_2" time="0.007" /><testcase classname="tests.api.test_api.TestBatchPipeline" name="test_should_failed_unkown_column_3" time="0.005" /><testcase classname="tests.api.test_api.TestBatchPipeline" name="test_should_get_predict" time="0.026" /></testsuite></testsuites>